// Jest Snapshot v1, https://goo.gl/fbAQLP

exports[`<Checkbox /> should render with label 1`] = `
.c0 {
  display: -webkit-box;
  display: -webkit-flex;
  display: -ms-flexbox;
  display: flex;
  -webkit-align-items: center;
  -webkit-box-align: center;
  -ms-flex-align: center;
  align-items: center;
  margin-top: 0.8rem;
}

.c1 {
  cursor: pointer;
  display: -webkit-box;
  display: -webkit-flex;
  display: -ms-flexbox;
  display: flex;
  -webkit-align-items: center;
  -webkit-box-align: center;
  -ms-flex-align: center;
  align-items: center;
  -webkit-box-pack: center;
  -webkit-justify-content: center;
  -ms-flex-pack: center;
  justify-content: center;
  -webkit-appearance: none;
  -moz-appearance: none;
  appearance: none;
  width: 1.8rem;
  height: 1.8rem;
  border: 0.2rem solid #818181;
  border-radius: 0.2rem;
  -webkit-transition: all var(--transition-fast);
  transition: all var(--transition-fast);
  -webkit-transition-property: background,border;
  transition-property: background,border;
  position: relative;
  outline: none;
}

.c1:before {
  content: '';
  width: 0.6rem;
  height: 0.9rem;
  border: 0.2rem solid white;
  border-top: 0;
  border-left: 0;
  -webkit-transform: rotate(45deg);
  -ms-transform: rotate(45deg);
  transform: rotate(45deg);
  position: absolute;
  top: 0.1rem;
  opacity: 0;
  -webkit-transition: var(--transition-fast);
  transition: var(--transition-fast);
}

.c1:focus {
  box-shadow: 0 0 0.5rem var(--color-primary);
}

.c1:hover {
  border-color: #7D7D7D;
  -webkit-transition: var(--transition-fast);
  transition: var(--transition-fast);
}

.c1:checked {
  border-color: var(--color-primary);
  background: var(--color-primary);
}

.c1:checked:before {
  opacity: 1;
}

.c2 {
  cursor: pointer;
  padding-left: var(--spacings-xxsmall);
  line-height: 1.8rem;
  color: #383838;
  font-weight: var(--font-bold);
}

<div
  class="c0"
>
  <input
    class="c1"
    id="check"
    type="checkbox"
    value=""
  />
  <label
    class="c2"
    for="check"
  >
    checkbox label
  </label>
</div>
`
